Flow report for exh_pipe_vhdl
Tue May 17 20:11:37 2016
Quartus II 64-Bit Version 15.0.0 Build 145 04/22/2015 Patches 0.01we SJ Web Edition


---------------------
; Table of Contents ;
---------------------
  1. Legal Notice
  2. Flow Summary
  3. Flow Settings
  4. Flow Non-Default Global Settings
  5. Flow Elapsed Time
  6. Flow OS Summary
  7. Flow Log
  8. Flow Messages
  9. Flow Suppressed Messages



----------------
; Legal Notice ;
----------------
Copyright (C) 1991-2015 Altera Corporation. All rights reserved.
Your use of Altera Corporation's design tools, logic functions 
and other software and tools, and its AMPP partner logic 
functions, and any output files from any of the foregoing 
(including device programming or simulation files), and any 
associated documentation or information are expressly subject 
to the terms and conditions of the Altera Program License 
Subscription Agreement, the Altera Quartus II License Agreement,
the Altera MegaCore Function License Agreement, or other 
applicable license agreement, including, without limitation, 
that your use is for the sole purpose of programming logic 
devices manufactured by Altera and sold by Altera or its 
authorized distributors.  Please refer to the applicable 
agreement for further details.



+------------------------------------------------------------------------------------------------+
; Flow Summary                                                                                   ;
+------------------------------------+-----------------------------------------------------------+
; Flow Status                        ; Successful - Tue May 17 20:11:37 2016                     ;
; Quartus II 64-Bit Version          ; 15.0.0 Build 145 04/22/2015 Patches 0.01we SJ Web Edition ;
; Revision Name                      ; exh_pipe_vhdl                                             ;
; Top-level Entity Name              ; exh_mul12_emu_vhdl                                        ;
; Family                             ; Cyclone IV E                                              ;
; Device                             ; EP4CE22F17C6                                              ;
; Timing Models                      ; Final                                                     ;
; Total logic elements               ; 51 / 22,320 ( < 1 % )                                     ;
;     Total combinational functions  ; 41 / 22,320 ( < 1 % )                                     ;
;     Dedicated logic registers      ; 38 / 22,320 ( < 1 % )                                     ;
; Total registers                    ; 38                                                        ;
; Total pins                         ; 13 / 154 ( 8 % )                                          ;
; Total virtual pins                 ; 0                                                         ;
; Total memory bits                  ; 0 / 608,256 ( 0 % )                                       ;
; Embedded Multiplier 9-bit elements ; 0 / 132 ( 0 % )                                           ;
; Total PLLs                         ; 0 / 4 ( 0 % )                                             ;
+------------------------------------+-----------------------------------------------------------+


+-----------------------------------------+
; Flow Settings                           ;
+-------------------+---------------------+
; Option            ; Setting             ;
+-------------------+---------------------+
; Start date & time ; 05/17/2016 20:11:14 ;
; Main task         ; Compilation         ;
; Revision Name     ; exh_pipe_vhdl       ;
+-------------------+---------------------+


+--------------------------------------------------------------------------------------------------------------------------------------+
; Flow Non-Default Global Settings                                                                                                     ;
+--------------------------------------+---------------------------------------+---------------+--------------------+------------------+
; Assignment Name                      ; Value                                 ; Default Value ; Entity Name        ; Section Id       ;
+--------------------------------------+---------------------------------------+---------------+--------------------+------------------+
; COMPILER_SIGNATURE_ID                ; 18431778439083.146353027418928        ; --            ; --                 ; --               ;
; EDA_DESIGN_INSTANCE_NAME             ; NA                                    ; --            ; --                 ; exh_pipe_vhdl_tb ;
; EDA_NATIVELINK_SIMULATION_TEST_BENCH ; exh_pipe_vhdl_tb                      ; --            ; --                 ; eda_simulation   ;
; EDA_OUTPUT_DATA_FORMAT               ; Vhdl                                  ; --            ; --                 ; eda_simulation   ;
; EDA_SIMULATION_TOOL                  ; ModelSim-Altera (VHDL)                ; <None>        ; --                 ; --               ;
; EDA_TEST_BENCH_ENABLE_STATUS         ; TEST_BENCH_MODE                       ; --            ; --                 ; eda_simulation   ;
; EDA_TEST_BENCH_FILE                  ; exh_pipe_vhdl_tb.vhd                  ; --            ; --                 ; exh_pipe_vhdl_tb ;
; EDA_TEST_BENCH_MODULE_NAME           ; exh_pipe_vhdl_tb                      ; --            ; --                 ; exh_pipe_vhdl_tb ;
; EDA_TEST_BENCH_NAME                  ; exh_pipe_vhdl_tb                      ; --            ; --                 ; eda_simulation   ;
; MAX_CORE_JUNCTION_TEMP               ; 85                                    ; --            ; --                 ; --               ;
; MIN_CORE_JUNCTION_TEMP               ; 0                                     ; --            ; --                 ; --               ;
; NOMINAL_CORE_SUPPLY_VOLTAGE          ; 1.2V                                  ; --            ; --                 ; --               ;
; PARTITION_COLOR                      ; 16764057                              ; --            ; exh_mul12_emu_vhdl ; Top              ;
; PARTITION_FITTER_PRESERVATION_LEVEL  ; PLACEMENT_AND_ROUTING                 ; --            ; exh_mul12_emu_vhdl ; Top              ;
; PARTITION_NETLIST_TYPE               ; SOURCE                                ; --            ; exh_mul12_emu_vhdl ; Top              ;
; POWER_BOARD_THERMAL_MODEL            ; None (CONSERVATIVE)                   ; --            ; --                 ; --               ;
; POWER_PRESET_COOLING_SOLUTION        ; 23 MM HEAT SINK WITH 200 LFPM AIRFLOW ; --            ; --                 ; --               ;
; PROJECT_OUTPUT_DIRECTORY             ; output_files                          ; --            ; --                 ; --               ;
; TOP_LEVEL_ENTITY                     ; exh_mul12_emu_vhdl                    ; exh_pipe_vhdl ; --                 ; --               ;
+--------------------------------------+---------------------------------------+---------------+--------------------+------------------+


+-------------------------------------------------------------------------------------------------------------------------------+
; Flow Elapsed Time                                                                                                             ;
+---------------------------+--------------+-------------------------+---------------------+------------------------------------+
; Module Name               ; Elapsed Time ; Average Processors Used ; Peak Virtual Memory ; Total CPU Time (on all processors) ;
+---------------------------+--------------+-------------------------+---------------------+------------------------------------+
; Analysis & Synthesis      ; 00:00:08     ; 1.0                     ; 733 MB              ; 00:00:20                           ;
; Fitter                    ; 00:00:05     ; 1.8                     ; 1503 MB             ; 00:00:05                           ;
; Assembler                 ; 00:00:01     ; 1.0                     ; 628 MB              ; 00:00:01                           ;
; TimeQuest Timing Analyzer ; 00:00:02     ; 1.0                     ; 765 MB              ; 00:00:02                           ;
; EDA Netlist Writer        ; 00:00:00     ; 1.0                     ; 596 MB              ; 00:00:01                           ;
; Total                     ; 00:00:16     ; --                      ; --                  ; 00:00:29                           ;
+---------------------------+--------------+-------------------------+---------------------+------------------------------------+


+----------------------------------------------------------------------------------------+
; Flow OS Summary                                                                        ;
+---------------------------+------------------+-----------+------------+----------------+
; Module Name               ; Machine Hostname ; OS Name   ; OS Version ; Processor type ;
+---------------------------+------------------+-----------+------------+----------------+
; Analysis & Synthesis      ; Evan-PC          ; Windows 7 ; 6.2        ; x86_64         ;
; Fitter                    ; Evan-PC          ; Windows 7 ; 6.2        ; x86_64         ;
; Assembler                 ; Evan-PC          ; Windows 7 ; 6.2        ; x86_64         ;
; TimeQuest Timing Analyzer ; Evan-PC          ; Windows 7 ; 6.2        ; x86_64         ;
; EDA Netlist Writer        ; Evan-PC          ; Windows 7 ; 6.2        ; x86_64         ;
+---------------------------+------------------+-----------+------------+----------------+


------------
; Flow Log ;
------------
quartus_map --read_settings_files=on --write_settings_files=off exh_pipe_vhdl -c exh_pipe_vhdl
quartus_fit --read_settings_files=off --write_settings_files=off exh_pipe_vhdl -c exh_pipe_vhdl
quartus_asm --read_settings_files=off --write_settings_files=off exh_pipe_vhdl -c exh_pipe_vhdl
quartus_sta exh_pipe_vhdl -c exh_pipe_vhdl
quartus_eda --read_settings_files=off --write_settings_files=off exh_pipe_vhdl -c exh_pipe_vhdl



